../Core/Src/main.c:93:6:mPrint	1
../Core/Src/main.c:113:5:main	1
../Core/Src/main.c:205:6:SystemClock_Config	3
../Core/Src/main.c:245:13:MX_I2C1_Init	2
../Core/Src/main.c:279:13:MX_TIM2_Init	4
../Core/Src/main.c:324:13:MX_TIM3_Init	4
../Core/Src/main.c:369:13:MX_USART2_UART_Init	2
../Core/Src/main.c:402:13:MX_GPIO_Init	1
../Core/Src/main.c:447:6:StartTask_DHT11	1
../Core/Src/main.c:476:6:StartTask_HSCR05	3
../Core/Src/main.c:508:6:StartTask_LCD	3
../Core/Src/main.c:551:6:HAL_TIM_PeriodElapsedCallback	2
../Core/Src/main.c:569:6:Error_Handler	1
