../Core/Src/main.c:93:6:mPrint	16	static
../Core/Src/main.c:113:5:main	120	static
../Core/Src/main.c:205:6:SystemClock_Config	72	static
../Core/Src/main.c:245:13:MX_I2C1_Init	8	static
../Core/Src/main.c:279:13:MX_TIM2_Init	32	static
../Core/Src/main.c:324:13:MX_TIM3_Init	32	static
../Core/Src/main.c:369:13:MX_USART2_UART_Init	8	static
../Core/Src/main.c:402:13:MX_GPIO_Init	40	static
../Core/Src/main.c:447:6:StartTask_DHT11	24	static
../Core/Src/main.c:476:6:StartTask_HSCR05	16	static
../Core/Src/main.c:508:6:StartTask_LCD	64	static
../Core/Src/main.c:551:6:HAL_TIM_PeriodElapsedCallback	16	static
../Core/Src/main.c:569:6:Error_Handler	4	static,ignoring_inline_asm
