../Core/Src/main.c:92:6:mPrint	16	static
../Core/Src/main.c:113:5:main	128	static
../Core/Src/main.c:208:6:SystemClock_Config	72	static
../Core/Src/main.c:248:13:MX_I2C1_Init	8	static
../Core/Src/main.c:282:13:MX_TIM2_Init	32	static
../Core/Src/main.c:327:13:MX_TIM3_Init	32	static
../Core/Src/main.c:372:13:MX_USART2_UART_Init	8	static
../Core/Src/main.c:405:13:MX_GPIO_Init	40	static
../Core/Src/main.c:450:6:StartTask_DHT11	24	static
../Core/Src/main.c:479:6:StartTask_HSCR05	16	static
../Core/Src/main.c:511:6:StartTask_LCD	56	static
../Core/Src/main.c:554:6:HAL_TIM_PeriodElapsedCallback	16	static
../Core/Src/main.c:572:6:Error_Handler	4	static,ignoring_inline_asm
