../Core/Src/main.c:92:6:mPrint	1
../Core/Src/main.c:113:5:main	1
../Core/Src/main.c:208:6:SystemClock_Config	3
../Core/Src/main.c:248:13:MX_I2C1_Init	2
../Core/Src/main.c:282:13:MX_TIM2_Init	4
../Core/Src/main.c:327:13:MX_TIM3_Init	4
../Core/Src/main.c:372:13:MX_USART2_UART_Init	2
../Core/Src/main.c:405:13:MX_GPIO_Init	1
../Core/Src/main.c:450:6:StartTask_DHT11	1
../Core/Src/main.c:479:6:StartTask_HSCR05	3
../Core/Src/main.c:511:6:StartTask_LCD	3
../Core/Src/main.c:554:6:HAL_TIM_PeriodElapsedCallback	2
../Core/Src/main.c:572:6:Error_Handler	1
